[demo2.wpopal.com/smartic/home-31/index.html]
[backblue.gif]
[fade.gif]
[index.html]
[demo2wpopal.b-cdn.net/smartic/wp-includes/css/dist/block-library/style.min9f31.css]
[demo2wpopal.b-cdn.net/smartic/wp-includes/css/dist/block-library/theme.min9f31.css]
[demo2wpopal.b-cdn.net/smartic/wp-content/cache/min/1/smartic/wp-content/plugins/woocommerce/packages/woocommerce-blocks/build/vendors-style-38d54fb902f891a3ccef1cf4e8b54e43.css]
[demo2wpopal.b-cdn.net/smartic/wp-content/cache/min/1/smartic/wp-content/plugins/woocommerce/packages/woocommerce-blocks/build/style-ec872c0dba86774ae17651c5a3241ecc.css]
[demo2wpopal.b-cdn.net/smartic/wp-content/cache/min/1/smartic/wp-content/themes/smartic/assets/css/base/gutenberg-blocks-8ee87bd86ca0abd8de79372fdb55f609.css]
[demo2wpopal.b-cdn.net/smartic/wp-content/cache/min/1/smartic/wp-content/plugins/opal-demo/style-c592e541c8a27191a089b0ee5aab75dd.css]
[demo2wpopal.b-cdn.net/smartic/wp-content/cache/min/1/smartic/wp-content/plugins/revslider/public/assets/css/rs6-32519cb753960f445716268994b92385.css]
[demo2wpopal.b-cdn.net/smartic/wp-content/cache/min/1/smartic/wp-content/themes/smartic/style-428d26c18b86f72fbe4dcc8796c96c07.css]
[demo2wpopal.b-cdn.net/smartic/wp-content/plugins/elementor/assets/css/frontend-legacy.minaeb9.css]
[demo2wpopal.b-cdn.net/smartic/wp-content/plugins/elementor/assets/css/frontend.minaeb9.css]
[demo2wpopal.b-cdn.net/smartic/wp-content/cache/min/1/smartic/wp-content/uploads/elementor/css/post-39-42f31568f5215b67633c1fdc8d093be9.css]
[demo2wpopal.b-cdn.net/smartic/wp-content/cache/min/1/smartic/wp-content/uploads/elementor/css/post-1417-c2ab3a7879df4383d3c873cdda975bcb.css]
[demo2wpopal.b-cdn.net/smartic/wp-content/plugins/elementor/assets/lib/eicons/css/elementor-icons.min21f9.css]
[demo2wpopal.b-cdn.net/smartic/wp-content/plugins/elementor/assets/lib/animations/animations.minaeb9.css]
[demo2wpopal.b-cdn.net/smartic/wp-content/plugins/elementor-pro/assets/css/frontend.mindeae.css]
[demo2wpopal.b-cdn.net/smartic/wp-content/plugins/elementor/assets/lib/font-awesome/css/all.minaeb9.css]
[demo2wpopal.b-cdn.net/smartic/wp-content/plugins/elementor/assets/lib/font-awesome/css/v4-shims.minaeb9.css]
[demo2wpopal.b-cdn.net/smartic/wp-content/cache/min/1/smartic/wp-content/uploads/elementor/css/global-856d98988150a86049fe79952a686850.css]
[demo2wpopal.b-cdn.net/smartic/wp-content/cache/min/1/smartic/wp-content/uploads/elementor/css/post-11399-a83c0fce040f84f9a364b4e21c91dd96.css]
[demo2wpopal.b-cdn.net/smartic/wp-content/cache/min/1/smartic/wp-content/uploads/elementor/css/post-13145-9bf222978f2114d1b060058b5390dbf8.css]
[demo2wpopal.b-cdn.net/smartic/wp-content/cache/min/1/smartic/wp-content/uploads/elementor/css/post-14431-9db7f2902be4114cdaf7436b43d9e07e.css]
[demo2wpopal.b-cdn.net/smartic/wp-content/plugins/woo-variation-swatches/assets/css/frontend.minac13.css]
[demo2wpopal.b-cdn.net/smartic/wp-content/plugins/woo-variation-swatches/assets/css/wvs-theme-override.minac13.css]
[demo2wpopal.b-cdn.net/smartic/wp-content/plugins/woo-variation-swatches/assets/css/frontend-tooltip.minac13.css]
[demo2wpopal.b-cdn.net/smartic/wp-content/cache/min/1/smartic/wp-content/themes/smartic/assets/css/base/elementor-9b91de22dfb205dabd67ea11a1c6d4fc.css]
[demo2wpopal.b-cdn.net/smartic/wp-content/cache/min/1/smartic/wp-content/themes/smartic/assets/css/woocommerce/woocommerce-296cfd36df8b40f86d627ae992a261d8.css]
[demo2wpopal.b-cdn.net/smartic/wp-content/themes/smartic/assets/css/libs/tooltipster.bundle.minc245.css]
[demo2wpopal.b-cdn.net/smartic/wp-content/cache/min/1/smartic/wp-content/themes/demo-child/style-e4778d168fe7e51f5bcabcd8a3897a02.css]
[demo2wpopal.b-cdn.net/smartic/wp-includes/js/jquery/jquery.min9d52.js]
[demo2wpopal.b-cdn.net/smartic/wp-content/uploads/revslider/slide-headfone.jpg]
[demo2wpopal.b-cdn.net/smartic/wp-content/uploads/revslider/layout_headfone1.jpg]
[demo2wpopal.b-cdn.net/smartic/wp-content/uploads/revslider/layout_headfone2.jpg]
[demo2wpopal.b-cdn.net/smartic/wp-content/uploads/revslider/layout_headfone3.jpg]
[demo2wpopal.b-cdn.net/smartic/wp-content/uploads/revslider/layout_headfone4.jpg]
[demo2.wpopal.com/cdn-cgi/scripts/5c5dd728/cloudflare-static/email-decode.min.js]
[demo2wpopal.b-cdn.net/smartic/wp-content/cache/min/1/smartic/wp-content/uploads/elementor/css/post-800-0ad4a91ccfdcd4e9c64e217ec83a5a53.css]
[demo2.wpopal.com/smartic/home-31/indexdeae.html]
[demo2wpopal.b-cdn.net/smartic/wp-content/cache/min/1/smartic/wp-content/themes/smartic/assets/css/libs/magnific-popup-40c59788f5c83f62752c4b119d92aebd.css]
[demo2.wpopal.com/smartic/home-31/indexd2db.html]
[demo2.wpopal.com/smartic/home-31/indexde1e.html]
[demo2wpopal.b-cdn.net/smartic/wp-content/cache/min/1/smartic/wp-content/uploads/elementor/css/post-16077-f233807d578619e8c1ed5843f655a6ba.css]
[demo2.wpopal.com/smartic/home-31/index.html]
[demo2wpopal.b-cdn.net/smartic/wp-includes/css/dist/block-library/style.min9f31.css]
[demo2wpopal.b-cdn.net/smartic/wp-includes/css/dist/block-library/theme.min9f31.css]
[demo2wpopal.b-cdn.net/smartic/wp-content/cache/min/1/smartic/wp-content/plugins/woocommerce/packages/woocommerce-blocks/build/vendors-style-38d54fb902f891a3ccef1cf4e8b54e43.css]
[demo2wpopal.b-cdn.net/smartic/wp-content/cache/min/1/smartic/wp-content/plugins/woocommerce/packages/woocommerce-blocks/build/style-ec872c0dba86774ae17651c5a3241ecc.css]
[demo2wpopal.b-cdn.net/smartic/wp-content/cache/min/1/smartic/wp-content/themes/smartic/assets/css/base/gutenberg-blocks-8ee87bd86ca0abd8de79372fdb55f609.css]
[demo2wpopal.b-cdn.net/smartic/wp-content/cache/min/1/smartic/wp-content/plugins/opal-demo/style-c592e541c8a27191a089b0ee5aab75dd.css]
[demo2wpopal.b-cdn.net/smartic/wp-content/plugins/revslider/public/assets/assets/gridtile.png]
[demo2wpopal.b-cdn.net/smartic/wp-content/cache/min/1/a4cee6e8674cac60770f0a2ee1efda8c.js]
[demo2wpopal.b-cdn.net/smartic/wp-content/plugins/revslider/public/assets/assets/gridtile_white.png]
[demo2wpopal.b-cdn.net/smartic/wp-content/plugins/revslider/public/assets/assets/gridtile_3x3.png]
[demo2wpopal.b-cdn.net/smartic/wp-content/plugins/revslider/public/assets/assets/gridtile_3x3_white.png]
[demo2wpopal.b-cdn.net/smartic/wp-content/plugins/revslider/public/assets/assets/coloredbg.png]
[demo2wpopal.b-cdn.net/smartic/wp-content/plugins/revslider/public/assets/assets/loader.gif]
[demo2wpopal.b-cdn.net/smartic/wp-content/cache/min/1/smartic/wp-content/plugins/revslider/public/assets/css/rs6-32519cb753960f445716268994b92385.css]
[demo2wpopal.b-cdn.net/smartic/wp-content/themes/smartic/assets/images/base/select_arrow.png]
[demo2wpopal.b-cdn.net/smartic/wp-content/themes/smartic/assets/images/slick/ajax-loader.gif]
[demo2wpopal.b-cdn.net/smartic/wp-content/cache/min/1/smartic/wp-content/themes/smartic/style-428d26c18b86f72fbe4dcc8796c96c07.css]
[demo2wpopal.b-cdn.net/smartic/wp-content/plugins/elementor/assets/css/frontend-legacy.minaeb9.css]
[demo2wpopal.b-cdn.net/smartic/wp-content/plugins/elementor/assets/css/frontend.minaeb9.css]
[demo2wpopal.b-cdn.net/smartic/wp-content/cache/min/1/smartic/wp-content/uploads/elementor/css/post-39-42f31568f5215b67633c1fdc8d093be9.css]
[demo2wpopal.b-cdn.net/smartic/wp-content/cache/min/1/smartic/wp-content/uploads/elementor/css/post-1417-c2ab3a7879df4383d3c873cdda975bcb.css]
[demo2wpopal.b-cdn.net/smartic/wp-content/plugins/elementor/assets/lib/eicons/css/elementor-icons.min21f9.css]
[demo2wpopal.b-cdn.net/smartic/wp-content/plugins/elementor/assets/lib/animations/animations.minaeb9.css]
[demo2wpopal.b-cdn.net/smartic/wp-content/plugins/elementor-pro/assets/css/frontend.mindeae.css]
[demo2wpopal.b-cdn.net/smartic/wp-content/plugins/elementor/assets/lib/font-awesome/css/all.minaeb9.css]
[demo2wpopal.b-cdn.net/smartic/wp-content/plugins/elementor/assets/lib/font-awesome/css/v4-shims.minaeb9.css]
[demo2wpopal.b-cdn.net/smartic/wp-content/cache/min/1/smartic/wp-content/uploads/elementor/css/global-856d98988150a86049fe79952a686850.css]
[demo2wpopal.b-cdn.net/smartic/wp-content/uploads/2021/04/home-19_niches_19_bg1.jpg]
[demo2wpopal.b-cdn.net/smartic/wp-content/cache/min/1/smartic/wp-content/uploads/elementor/css/post-11399-a83c0fce040f84f9a364b4e21c91dd96.css]
[demo2wpopal.b-cdn.net/smartic/wp-content/uploads/2020/10/breadcrumb.jpg]
[demo2wpopal.b-cdn.net/smartic/wp-content/cache/min/1/smartic/wp-content/uploads/elementor/css/post-13145-9bf222978f2114d1b060058b5390dbf8.css]
[demo2wpopal.b-cdn.net/smartic/wp-content/uploads/2021/04/home_27_img-2.jpg]
[demo2wpopal.b-cdn.net/smartic/wp-content/cache/min/1/smartic/wp-content/uploads/elementor/css/post-14431-9db7f2902be4114cdaf7436b43d9e07e.css]
[demo2wpopal.b-cdn.net/smartic/wp-content/plugins/woo-variation-swatches/assets/css/frontend.minac13.css]
[demo2wpopal.b-cdn.net/smartic/wp-content/plugins/woo-variation-swatches/assets/css/wvs-theme-override.minac13.css]
[demo2wpopal.b-cdn.net/smartic/wp-content/plugins/woo-variation-swatches/assets/css/frontend-tooltip.minac13.css]
[demo2wpopal.b-cdn.net/smartic/wp-content/cache/min/1/smartic/wp-content/themes/smartic/assets/css/base/elementor-9b91de22dfb205dabd67ea11a1c6d4fc.css]
[demo2wpopal.b-cdn.net/smartic/wp-content/cache/min/1/smartic/wp-content/themes/smartic/assets/css/woocommerce/woocommerce-296cfd36df8b40f86d627ae992a261d8.css]
[demo2wpopal.b-cdn.net/smartic/wp-content/themes/smartic/assets/css/libs/tooltipster.bundle.minc245.css]
[demo2wpopal.b-cdn.net/smartic/wp-content/cache/min/1/smartic/wp-content/themes/demo-child/style-e4778d168fe7e51f5bcabcd8a3897a02.css]
[demo2.wpopal.com/smartic/wp-includes/css/dist/block-library/style.min9f31.css]
[demo2.wpopal.com/smartic/wp-includes/css/dist/block-library/theme.min9f31.css]
[demo2wpopal.b-cdn.net/smartic/wp-content/plugins/woocommerce/packages/woocommerce-blocks/build/vendors-stylee100.css]
[demo2wpopal.b-cdn.net/smartic/wp-content/plugins/woocommerce/packages/woocommerce-blocks/build/stylee100.css]
[demo2wpopal.b-cdn.net/smartic/wp-content/themes/smartic/assets/css/base/gutenberg-blocksc245.css]
[demo2wpopal.b-cdn.net/smartic/wp-content/plugins/opal-demo/style9f31.css]
[demo2wpopal.b-cdn.net/smartic/wp-content/plugins/revslider/public/assets/css/rs6a8d6.css]
[demo2wpopal.b-cdn.net/smartic/wp-content/themes/smartic/stylec245.css]
[demo2wpopal.b-cdn.net/smartic/wp-content/uploads/elementor/css/post-3903c1.css]
[demo2wpopal.b-cdn.net/smartic/wp-content/uploads/elementor/css/post-141703c1.css]
[demo2wpopal.b-cdn.net/smartic/wp-content/uploads/elementor/css/global03c1.css]
[demo2wpopal.b-cdn.net/smartic/wp-content/uploads/elementor/css/post-113995e70.css]
[demo2wpopal.b-cdn.net/smartic/wp-content/uploads/elementor/css/post-13145c35c.css]
[demo2wpopal.b-cdn.net/smartic/wp-content/uploads/elementor/css/post-14431c35c.css]
[demo2wpopal.b-cdn.net/smartic/wp-content/themes/smartic/assets/css/base/elementorc245.css]
[demo2wpopal.b-cdn.net/smartic/wp-content/themes/smartic/assets/css/woocommerce/woocommercec245.css]
[demo2wpopal.b-cdn.net/smartic/wp-content/themes/demo-child/style8a54.css]
[demo2.wpopal.com/smartic/wp-includes/js/jquery/jquery.min9d52.js]
[demo2.wpopal.com/smartic/wp-includes/js/jquery/jquery-migrate.mind617.js]
[demo2wpopal.b-cdn.net/smartic/wp-content/plugins/revslider/public/assets/js/rbtools.min5352.js]
[demo2wpopal.b-cdn.net/smartic/wp-content/plugins/revslider/public/assets/js/rs6.mina8d6.js]
[demo2wpopal.b-cdn.net/smartic/wp-content/plugins/elementor/assets/lib/font-awesome/js/v4-shims.minaeb9.js]
[demo2wpopal.b-cdn.net/smartic/wp-content/plugins/autoptimize/classes/external/js/lazysizes.minb433.js]
[demo2wpopal.b-cdn.net/smartic/wp-content/uploads/elementor/css/post-800ef4d.css]
[demo2wpopal.b-cdn.net/smartic/wp-content/themes/smartic/assets/css/libs/magnific-popupc245.css]
[demo2wpopal.b-cdn.net/smartic/wp-content/uploads/elementor/css/post-16077ef4d.css]
[demo2wpopal.b-cdn.net/smartic/wp-content/plugins/woocommerce/assets/js/jquery-blockui/jquery.blockUI.min44fd.js]
[demo2wpopal.b-cdn.net/smartic/wp-content/plugins/woocommerce/assets/js/frontend/add-to-cart.minbb49.js]
[demo2wpopal.b-cdn.net/smartic/wp-content/plugins/woocommerce/assets/js/js-cookie/js.cookie.min6b25.js]
[demo2wpopal.b-cdn.net/smartic/wp-content/plugins/woocommerce/assets/js/frontend/woocommerce.minbb49.js]
[demo2wpopal.b-cdn.net/smartic/wp-content/plugins/woocommerce/assets/js/frontend/cart-fragments.minbb49.js]
[demo2wpopal.b-cdn.net/smartic/wp-content/themes/demo-child/landingpage7406.js]
[demo2.wpopal.com/smartic/wp-includes/js/underscore.min4511.js]
[demo2.wpopal.com/smartic/wp-includes/js/wp-util.min9f31.js]
[demo2wpopal.b-cdn.net/smartic/wp-content/themes/smartic/assets/js/frontend/mainc245.js]
[demo2wpopal.b-cdn.net/smartic/wp-content/themes/smartic/assets/js/skip-link-focus-fix.min08e0.js]
[demo2wpopal.b-cdn.net/smartic/wp-content/themes/smartic/assets/js/frontend/text-editorc245.js]
[demo2wpopal.b-cdn.net/smartic/wp-content/themes/smartic/assets/js/frontend/search-popupc245.js]
[demo2wpopal.b-cdn.net/smartic/wp-content/themes/smartic/assets/js/frontend/nav-mobilec245.js]
[demo2wpopal.b-cdn.net/smartic/wp-content/themes/smartic/inc/megamenu/assets/js/frontendc245.js]
[demo2wpopal.b-cdn.net/smartic/wp-content/themes/smartic/assets/js/frontend/loginc245.js]
[demo2wpopal.b-cdn.net/smartic/wp-content/plugins/woocommerce/assets/js/frontend/add-to-cart-variation.minbb49.js]
[demo2wpopal.b-cdn.net/smartic/wp-content/plugins/woo-variation-swatches/assets/js/frontend.minac13.js]
[demo2wpopal.b-cdn.net/smartic/wp-content/themes/smartic/assets/js/woocommerce/header-cart.minc245.js]
[demo2wpopal.b-cdn.net/smartic/wp-content/themes/smartic/assets/js/footer.minc245.js]
[demo2wpopal.b-cdn.net/smartic/wp-content/themes/smartic/assets/js/tooltipster.bundlec245.js]
[demo2wpopal.b-cdn.net/smartic/wp-content/themes/smartic/assets/js/woocommerce/main.minc245.js]
[demo2wpopal.b-cdn.net/smartic/wp-content/themes/smartic/assets/js/woocommerce/quantity.minc245.js]
[demo2wpopal.b-cdn.net/smartic/wp-content/themes/smartic/assets/js/woocommerce/cart-canvas.minc245.js]
[demo2wpopal.b-cdn.net/smartic/wp-content/plugins/elementor/assets/js/webpack.runtime.minaeb9.js]
[demo2wpopal.b-cdn.net/smartic/wp-content/plugins/elementor/assets/js/frontend-modules.minaeb9.js]
[demo2.wpopal.com/smartic/wp-includes/js/jquery/ui/core.min35d0.js]
[demo2wpopal.b-cdn.net/smartic/wp-content/plugins/elementor/assets/lib/dialog/dialog.mina288.js]
[demo2wpopal.b-cdn.net/smartic/wp-content/plugins/elementor/assets/lib/waypoints/waypoints.min05da.js]
[demo2wpopal.b-cdn.net/smartic/wp-content/plugins/elementor/assets/lib/share-link/share-link.minaeb9.js]
[demo2wpopal.b-cdn.net/smartic/wp-content/plugins/elementor/assets/lib/swiper/swiper.min48f5.js]
[demo2wpopal.b-cdn.net/smartic/wp-content/plugins/elementor/assets/js/frontend.minaeb9.js]
[demo2wpopal.b-cdn.net/smartic/wp-content/themes/smartic/assets/js/elementor/header-groupc245.js]
[demo2wpopal.b-cdn.net/smartic/wp-content/themes/smartic/assets/js/vendor/slick.minc245.js]
[demo2wpopal.b-cdn.net/smartic/wp-content/plugins/make-column-clickable-elementor/assets/js/make-column-clickablee7f0.js]
[demo2wpopal.b-cdn.net/smartic/wp-content/themes/smartic/assets/js/elementor/videoc245.js]
[demo2wpopal.b-cdn.net/smartic/wp-content/themes/smartic/assets/js/vendor/jquery.magnific-popup.minc245.js]
[demo2wpopal.b-cdn.net/smartic/wp-content/themes/smartic/assets/js/elementor/testimonialc245.js]
[demo2wpopal.b-cdn.net/smartic/wp-content/themes/smartic/assets/js/elementor/productsc245.js]
[demo2wpopal.b-cdn.net/smartic/wp-content/plugins/elementor-pro/assets/js/webpack-pro.runtime.mindeae.js]
[demo2wpopal.b-cdn.net/smartic/wp-content/plugins/elementor-pro/assets/lib/sticky/jquery.sticky.mindeae.js]
[demo2wpopal.b-cdn.net/smartic/wp-content/plugins/elementor-pro/assets/js/frontend.mindeae.js]
[demo2wpopal.b-cdn.net/smartic/wp-content/plugins/elementor-pro/assets/js/preloaded-elements-handlers.mindeae.js]
[demo2wpopal.b-cdn.net/smartic/wp-content/plugins/elementor/assets/js/preloaded-elements-handlers.minaeb9.js]
[demo2.wpopal.com/smartic/home-31/indexdeae.html]
[demo2.wpopal.com/smartic/home-31/indexde1e.html]
[demo2.wpopal.com/smartic/home-31/indexd2db.html]
[demo2wpopal.b-cdn.net/smartic/wp-content/cache/min/1/smartic/wp-content/uploads/elementor/css/post-800-0ad4a91ccfdcd4e9c64e217ec83a5a53.css]
[demo2wpopal.b-cdn.net/smartic/wp-content/cache/min/1/smartic/wp-content/themes/smartic/assets/css/libs/magnific-popup-40c59788f5c83f62752c4b119d92aebd.css]
[demo2wpopal.b-cdn.net/smartic/wp-content/cache/min/1/smartic/wp-content/uploads/elementor/css/post-16077-f233807d578619e8c1ed5843f655a6ba.css]
[demo2.wpopal.com/smartic/wp-includes/css/dist/block-library/style.min9f31.css]
[demo2.wpopal.com/smartic/wp-includes/css/dist/block-library/theme.min9f31.css]
[demo2wpopal.b-cdn.net/smartic/wp-content/plugins/woocommerce/packages/woocommerce-blocks/build/vendors-stylee100.css]
[demo2wpopal.b-cdn.net/smartic/wp-content/plugins/woocommerce/packages/woocommerce-blocks/build/stylee100.css]
[demo2wpopal.b-cdn.net/smartic/wp-content/themes/smartic/assets/css/base/gutenberg-blocksc245.css]
[demo2wpopal.b-cdn.net/smartic/wp-content/plugins/opal-demo/style9f31.css]
[demo2wpopal.b-cdn.net/smartic/wp-content/themes/smartic/assets/js/elementor-frontendc245.js]
[demo2wpopal.b-cdn.net/smartic/wp-content/plugins/revslider/public/assets/css/openhand.cur]
[demo2wpopal.b-cdn.net/smartic/wp-content/plugins/revslider/public/assets/css/closedhand.cur]
[demo2wpopal.b-cdn.net/smartic/wp-content/plugins/revslider/public/assets/css/rs6a8d6.css]
[demo2wpopal.b-cdn.net/smartic/wp-content/themes/smartic/assets/fonts/new/BROmny-Bold.eot]
[demo2wpopal.b-cdn.net/smartic/wp-content/themes/smartic/assets/fonts/new/BROmny-Boldd41d.eot]
[demo2wpopal.b-cdn.net/smartic/wp-content/themes/smartic/assets/fonts/new/BROmny-Bold.woff2]
[demo2wpopal.b-cdn.net/smartic/wp-content/themes/smartic/assets/fonts/new/BROmny-Bold.woff]
[demo2wpopal.b-cdn.net/smartic/wp-content/themes/smartic/assets/fonts/new/BROmny-Bold.ttf]
[demo2wpopal.b-cdn.net/smartic/wp-content/themes/smartic/assets/fonts/new/BROmny-Bold.svg]
[demo2wpopal.b-cdn.net/smartic/wp-content/themes/smartic/assets/fonts/new/BROmny-SemiBold.eot]
[demo2wpopal.b-cdn.net/smartic/wp-content/themes/smartic/assets/fonts/new/BROmny-SemiBoldd41d.eot]
[demo2wpopal.b-cdn.net/smartic/wp-content/themes/smartic/assets/fonts/new/BROmny-SemiBold.woff2]
[demo2wpopal.b-cdn.net/smartic/wp-content/themes/smartic/assets/fonts/new/BROmny-SemiBold.woff]
[demo2wpopal.b-cdn.net/smartic/wp-content/themes/smartic/assets/fonts/new/BROmny-SemiBold.ttf]
[demo2wpopal.b-cdn.net/smartic/wp-content/themes/smartic/assets/fonts/new/BROmny-SemiBold.svg]
[demo2wpopal.b-cdn.net/smartic/wp-content/themes/smartic/assets/fonts/new/BROmny-Medium.eot]
[demo2wpopal.b-cdn.net/smartic/wp-content/themes/smartic/assets/fonts/new/BROmny-Mediumd41d.eot]
[demo2wpopal.b-cdn.net/smartic/wp-content/themes/smartic/assets/fonts/new/BROmny-Medium.woff2]
[demo2wpopal.b-cdn.net/smartic/wp-content/themes/smartic/assets/fonts/new/BROmny-Medium.woff]
[demo2wpopal.b-cdn.net/smartic/wp-content/themes/smartic/assets/fonts/new/BROmny-Medium.ttf]
[demo2wpopal.b-cdn.net/smartic/wp-content/themes/smartic/assets/fonts/new/BROmny-Medium.svg]
[demo2wpopal.b-cdn.net/smartic/wp-content/themes/smartic/assets/fonts/new/BROmny-MediumItalic.eot]
[demo2wpopal.b-cdn.net/smartic/wp-content/themes/smartic/assets/fonts/new/BROmny-MediumItalicd41d.eot]
[demo2wpopal.b-cdn.net/smartic/wp-content/themes/smartic/assets/fonts/new/BROmny-MediumItalic.woff2]
[demo2wpopal.b-cdn.net/smartic/wp-content/themes/smartic/assets/fonts/new/BROmny-MediumItalic.woff]
[demo2wpopal.b-cdn.net/smartic/wp-content/themes/smartic/assets/fonts/new/BROmny-MediumItalic.ttf]
[demo2wpopal.b-cdn.net/smartic/wp-content/themes/smartic/assets/fonts/new/BROmny-MediumItalic.svg]
[demo2wpopal.b-cdn.net/smartic/wp-content/themes/smartic/assets/fonts/new/BROmny-Regular.eot]
[demo2wpopal.b-cdn.net/smartic/wp-content/themes/smartic/assets/fonts/new/BROmny-Regulard41d.eot]
[demo2wpopal.b-cdn.net/smartic/wp-content/themes/smartic/assets/fonts/new/BROmny-Regular.woff2]
[demo2wpopal.b-cdn.net/smartic/wp-content/themes/smartic/assets/fonts/new/BROmny-Regular.woff]
[demo2wpopal.b-cdn.net/smartic/wp-content/themes/smartic/assets/fonts/new/BROmny-Regular.ttf]
[demo2wpopal.b-cdn.net/smartic/wp-content/themes/smartic/assets/fonts/new/BROmny-Regular.svg]
[demo2wpopal.b-cdn.net/smartic/wp-content/themes/smartic/assets/fonts/slick.eot]
[demo2wpopal.b-cdn.net/smartic/wp-content/themes/smartic/assets/fonts/slickd41d.eot]
[demo2wpopal.b-cdn.net/smartic/wp-content/themes/smartic/assets/fonts/slick.woff]
[demo2wpopal.b-cdn.net/smartic/wp-content/themes/smartic/assets/fonts/slick.ttf]
[demo2wpopal.b-cdn.net/smartic/wp-content/themes/smartic/assets/fonts/slick.svg]
[demo2wpopal.b-cdn.net/smartic/wp-content/themes/smartic/assets/fonts/icons/smartic-icon-1.7.2.eot]
[demo2wpopal.b-cdn.net/smartic/wp-content/themes/smartic/assets/fonts/icons/smartic-icon-1.7.2d41d.eot]
[demo2wpopal.b-cdn.net/smartic/wp-content/themes/smartic/assets/fonts/icons/smartic-icon-1.7.2.woff2]
[demo2wpopal.b-cdn.net/smartic/wp-content/themes/smartic/assets/fonts/icons/smartic-icon-1.7.2.woff]
[demo2wpopal.b-cdn.net/smartic/wp-content/themes/smartic/assets/fonts/icons/smartic-icon-1.7.2.ttf]
[demo2wpopal.b-cdn.net/smartic/wp-content/themes/smartic/stylec245.css]
[demo2wpopal.b-cdn.net/smartic/wp-content/uploads/elementor/css/post-3903c1.css]
[demo2wpopal.b-cdn.net/smartic/wp-content/uploads/elementor/css/post-141703c1.css]
[demo2wpopal.b-cdn.net/smartic/wp-content/uploads/elementor/css/global03c1.css]
[demo2wpopal.b-cdn.net/smartic/wp-content/themes/smartic/assets/fonts/icons/smartic-icon-1.7.2.svg]
[demo2.wpopal.com/smartic/wp-content/uploads/2021/04/home-19_niches_19_bg1.jpg]
[demo2.wpopal.com/smartic/wp-content/uploads/2021/04/home-19_niches_19_bg_video.jpg]
[demo2.wpopal.com/smartic/wp-content/uploads/2021/04/home-19_niches_19_bg3.jpg]
[demo2.wpopal.com/smartic/wp-content/uploads/2021/04/home-19_niches_19_bg4.jpg]
[demo2wpopal.b-cdn.net/smartic/wp-content/uploads/elementor/css/post-113995e70.css]
[demo2.wpopal.com/smartic/wp-content/uploads/2020/10/breadcrumb.jpg]
[demo2wpopal.b-cdn.net/smartic/wp-content/uploads/elementor/css/post-13145c35c.css]
[demo2.wpopal.com/smartic/wp-content/uploads/2021/04/home_27_img-2.jpg]
[demo2wpopal.b-cdn.net/smartic/wp-content/uploads/elementor/css/post-14431c35c.css]
[demo2wpopal.b-cdn.net/smartic/wp-content/themes/smartic/assets/css/base/elementorc245.css]
[demo2wpopal.b-cdn.net/smartic/wp-content/themes/smartic/assets/css/woocommerce/woocommercec245.css]
[demo2wpopal.b-cdn.net/smartic/wp-content/themes/demo-child/style8a54.css]
[demo2wpopal.b-cdn.net/smartic/wp-content/uploads/elementor/css/post-800ef4d.css]
[demo2wpopal.b-cdn.net/smartic/wp-content/themes/smartic/assets/css/libs/magnific-popupc245.css]
[demo2wpopal.b-cdn.net/smartic/wp-content/uploads/elementor/css/post-16077ef4d.css]
[demo2wpopal.b-cdn.net/smartic/wp-content/themes/smartic/assets/fonts/new/BROmny-Bold.svg]
[demo2wpopal.b-cdn.net/smartic/wp-content/themes/smartic/assets/fonts/new/BROmny-SemiBold.svg]
[demo2wpopal.b-cdn.net/smartic/wp-content/themes/smartic/assets/fonts/new/BROmny-Medium.svg]
[demo2wpopal.b-cdn.net/smartic/wp-content/themes/smartic/assets/fonts/new/BROmny-MediumItalic.svg]
[demo2wpopal.b-cdn.net/smartic/wp-content/themes/smartic/assets/fonts/new/BROmny-Regular.svg]
[demo2wpopal.b-cdn.net/smartic/wp-content/themes/smartic/assets/fonts/slick.svg]
[demo2wpopal.b-cdn.net/smartic/wp-content/themes/smartic/assets/fonts/icons/smartic-icon-1.7.2.svg]
